Archive member included to satisfy reference by file (symbol)

d:/courses/microcontroller/arm/lectures/imt_arm_course/02- tools/03- imt sdk/imt_sdk_win_64/winarm/armgcc/bin/../lib/gcc/arm-none-eabi/7.2.1/../../../../arm-none-eabi/lib/thumb/v7-m\libc_nano.a(lib_a-errno.o)
                              ./system/src/newlib/_sbrk.o (symbol from plugin) (__errno)
d:/courses/microcontroller/arm/lectures/imt_arm_course/02- tools/03- imt sdk/imt_sdk_win_64/winarm/armgcc/bin/../lib/gcc/arm-none-eabi/7.2.1/../../../../arm-none-eabi/lib/thumb/v7-m\libc_nano.a(lib_a-impure.o)
                              d:/courses/microcontroller/arm/lectures/imt_arm_course/02- tools/03- imt sdk/imt_sdk_win_64/winarm/armgcc/bin/../lib/gcc/arm-none-eabi/7.2.1/../../../../arm-none-eabi/lib/thumb/v7-m\libc_nano.a(lib_a-errno.o) (_impure_ptr)
d:/courses/microcontroller/arm/lectures/imt_arm_course/02- tools/03- imt sdk/imt_sdk_win_64/winarm/armgcc/bin/../lib/gcc/arm-none-eabi/7.2.1/../../../../arm-none-eabi/lib/thumb/v7-m\libc_nano.a(lib_a-memcpy-stub.o)
                              ./FreeRTOS/Source/queue.o (symbol from plugin) (memcpy)
d:/courses/microcontroller/arm/lectures/imt_arm_course/02- tools/03- imt sdk/imt_sdk_win_64/winarm/armgcc/bin/../lib/gcc/arm-none-eabi/7.2.1/../../../../arm-none-eabi/lib/thumb/v7-m\libc_nano.a(lib_a-memset.o)
                              ./FreeRTOS/Source/stream_buffer.o (symbol from plugin) (memset)
d:/courses/microcontroller/arm/lectures/imt_arm_course/02- tools/03- imt sdk/imt_sdk_win_64/winarm/armgcc/bin/../lib/gcc/arm-none-eabi/7.2.1/../../../../arm-none-eabi/lib/thumb/v7-m\libc_nano.a(lib_a-strlen.o)
                              ./system/src/diag/Trace.o (symbol from plugin) (strlen)
d:/courses/microcontroller/arm/lectures/imt_arm_course/02- tools/03- imt sdk/imt_sdk_win_64/winarm/armgcc/bin/../lib/gcc/arm-none-eabi/7.2.1/../../../../arm-none-eabi/lib/thumb/v7-m\libc_nano.a(lib_a-vsnprintf.o)
                              ./system/src/diag/Trace.o (symbol from plugin) (vsnprintf)
d:/courses/microcontroller/arm/lectures/imt_arm_course/02- tools/03- imt sdk/imt_sdk_win_64/winarm/armgcc/bin/../lib/gcc/arm-none-eabi/7.2.1/../../../../arm-none-eabi/lib/thumb/v7-m\libc_nano.a(lib_a-nano-svfprintf.o)
                              d:/courses/microcontroller/arm/lectures/imt_arm_course/02- tools/03- imt sdk/imt_sdk_win_64/winarm/armgcc/bin/../lib/gcc/arm-none-eabi/7.2.1/../../../../arm-none-eabi/lib/thumb/v7-m\libc_nano.a(lib_a-vsnprintf.o) (_svfprintf_r)
d:/courses/microcontroller/arm/lectures/imt_arm_course/02- tools/03- imt sdk/imt_sdk_win_64/winarm/armgcc/bin/../lib/gcc/arm-none-eabi/7.2.1/../../../../arm-none-eabi/lib/thumb/v7-m\libc_nano.a(lib_a-nano-vfprintf_i.o)
                              d:/courses/microcontroller/arm/lectures/imt_arm_course/02- tools/03- imt sdk/imt_sdk_win_64/winarm/armgcc/bin/../lib/gcc/arm-none-eabi/7.2.1/../../../../arm-none-eabi/lib/thumb/v7-m\libc_nano.a(lib_a-nano-svfprintf.o) (_printf_i)
d:/courses/microcontroller/arm/lectures/imt_arm_course/02- tools/03- imt sdk/imt_sdk_win_64/winarm/armgcc/bin/../lib/gcc/arm-none-eabi/7.2.1/../../../../arm-none-eabi/lib/thumb/v7-m\libc_nano.a(lib_a-memchr-stub.o)
                              d:/courses/microcontroller/arm/lectures/imt_arm_course/02- tools/03- imt sdk/imt_sdk_win_64/winarm/armgcc/bin/../lib/gcc/arm-none-eabi/7.2.1/../../../../arm-none-eabi/lib/thumb/v7-m\libc_nano.a(lib_a-nano-svfprintf.o) (memchr)
d:/courses/microcontroller/arm/lectures/imt_arm_course/02- tools/03- imt sdk/imt_sdk_win_64/winarm/armgcc/bin/../lib/gcc/arm-none-eabi/7.2.1/../../../../arm-none-eabi/lib/thumb/v7-m\libc_nano.a(lib_a-memmove.o)
                              d:/courses/microcontroller/arm/lectures/imt_arm_course/02- tools/03- imt sdk/imt_sdk_win_64/winarm/armgcc/bin/../lib/gcc/arm-none-eabi/7.2.1/../../../../arm-none-eabi/lib/thumb/v7-m\libc_nano.a(lib_a-nano-svfprintf.o) (memmove)
d:/courses/microcontroller/arm/lectures/imt_arm_course/02- tools/03- imt sdk/imt_sdk_win_64/winarm/armgcc/bin/../lib/gcc/arm-none-eabi/7.2.1/../../../../arm-none-eabi/lib/thumb/v7-m\libc_nano.a(lib_a-nano-freer.o)
                              d:/courses/microcontroller/arm/lectures/imt_arm_course/02- tools/03- imt sdk/imt_sdk_win_64/winarm/armgcc/bin/../lib/gcc/arm-none-eabi/7.2.1/../../../../arm-none-eabi/lib/thumb/v7-m\libc_nano.a(lib_a-nano-svfprintf.o) (_free_r)
d:/courses/microcontroller/arm/lectures/imt_arm_course/02- tools/03- imt sdk/imt_sdk_win_64/winarm/armgcc/bin/../lib/gcc/arm-none-eabi/7.2.1/../../../../arm-none-eabi/lib/thumb/v7-m\libc_nano.a(lib_a-nano-mallocr.o)
                              d:/courses/microcontroller/arm/lectures/imt_arm_course/02- tools/03- imt sdk/imt_sdk_win_64/winarm/armgcc/bin/../lib/gcc/arm-none-eabi/7.2.1/../../../../arm-none-eabi/lib/thumb/v7-m\libc_nano.a(lib_a-nano-svfprintf.o) (_malloc_r)
d:/courses/microcontroller/arm/lectures/imt_arm_course/02- tools/03- imt sdk/imt_sdk_win_64/winarm/armgcc/bin/../lib/gcc/arm-none-eabi/7.2.1/../../../../arm-none-eabi/lib/thumb/v7-m\libc_nano.a(lib_a-nano-reallocr.o)
                              d:/courses/microcontroller/arm/lectures/imt_arm_course/02- tools/03- imt sdk/imt_sdk_win_64/winarm/armgcc/bin/../lib/gcc/arm-none-eabi/7.2.1/../../../../arm-none-eabi/lib/thumb/v7-m\libc_nano.a(lib_a-nano-svfprintf.o) (_realloc_r)
d:/courses/microcontroller/arm/lectures/imt_arm_course/02- tools/03- imt sdk/imt_sdk_win_64/winarm/armgcc/bin/../lib/gcc/arm-none-eabi/7.2.1/../../../../arm-none-eabi/lib/thumb/v7-m\libc_nano.a(lib_a-sbrkr.o)
                              d:/courses/microcontroller/arm/lectures/imt_arm_course/02- tools/03- imt sdk/imt_sdk_win_64/winarm/armgcc/bin/../lib/gcc/arm-none-eabi/7.2.1/../../../../arm-none-eabi/lib/thumb/v7-m\libc_nano.a(lib_a-nano-mallocr.o) (_sbrk_r)
d:/courses/microcontroller/arm/lectures/imt_arm_course/02- tools/03- imt sdk/imt_sdk_win_64/winarm/armgcc/bin/../lib/gcc/arm-none-eabi/7.2.1/../../../../arm-none-eabi/lib/thumb/v7-m\libc_nano.a(lib_a-mlock.o)
                              d:/courses/microcontroller/arm/lectures/imt_arm_course/02- tools/03- imt sdk/imt_sdk_win_64/winarm/armgcc/bin/../lib/gcc/arm-none-eabi/7.2.1/../../../../arm-none-eabi/lib/thumb/v7-m\libc_nano.a(lib_a-nano-freer.o) (__malloc_lock)
d:/courses/microcontroller/arm/lectures/imt_arm_course/02- tools/03- imt sdk/imt_sdk_win_64/winarm/armgcc/bin/../lib/gcc/arm-none-eabi/7.2.1/../../../../arm-none-eabi/lib/thumb/v7-m\libc_nano.a(lib_a-nano-msizer.o)
                              d:/courses/microcontroller/arm/lectures/imt_arm_course/02- tools/03- imt sdk/imt_sdk_win_64/winarm/armgcc/bin/../lib/gcc/arm-none-eabi/7.2.1/../../../../arm-none-eabi/lib/thumb/v7-m\libc_nano.a(lib_a-nano-reallocr.o) (_malloc_usable_size_r)

Allocating common symbols
Common symbol       size              file

errno               0x4               C:\Users\ESLAM\AppData\Local\Temp\ccMfeDNT.ltrans0.ltrans.o

Discarded input sections

 .text          0x00000000        0x0 C:\Users\ESLAM\AppData\Local\Temp\ccMfeDNT.ltrans0.ltrans.o
 .data          0x00000000        0x0 C:\Users\ESLAM\AppData\Local\Temp\ccMfeDNT.ltrans0.ltrans.o
 .bss           0x00000000        0x0 C:\Users\ESLAM\AppData\Local\Temp\ccMfeDNT.ltrans0.ltrans.o
 .text._exit    0x00000000        0x2 C:\Users\ESLAM\AppData\Local\Temp\ccMfeDNT.ltrans0.ltrans.o
 .data.ADCPrescTable
                0x00000000        0x4 C:\Users\ESLAM\AppData\Local\Temp\ccMfeDNT.ltrans0.ltrans.o
 .data.APBAHBPrescTable
                0x00000000       0x10 C:\Users\ESLAM\AppData\Local\Temp\ccMfeDNT.ltrans0.ltrans.o
 .text          0x00000000        0x0 d:/courses/microcontroller/arm/lectures/imt_arm_course/02- tools/03- imt sdk/imt_sdk_win_64/winarm/armgcc/bin/../lib/gcc/arm-none-eabi/7.2.1/../../../../arm-none-eabi/lib/thumb/v7-m\libc_nano.a(lib_a-errno.o)
 .data          0x00000000        0x0 d:/courses/microcontroller/arm/lectures/imt_arm_course/02- tools/03- imt sdk/imt_sdk_win_64/winarm/armgcc/bin/../lib/gcc/arm-none-eabi/7.2.1/../../../../arm-none-eabi/lib/thumb/v7-m\libc_nano.a(lib_a-errno.o)
 .bss           0x00000000        0x0 d:/courses/microcontroller/arm/lectures/imt_arm_course/02- tools/03- imt sdk/imt_sdk_win_64/winarm/armgcc/bin/../lib/gcc/arm-none-eabi/7.2.1/../../../../arm-none-eabi/lib/thumb/v7-m\libc_nano.a(lib_a-errno.o)
 .text          0x00000000        0x0 d:/courses/microcontroller/arm/lectures/imt_arm_course/02- tools/03- imt sdk/imt_sdk_win_64/winarm/armgcc/bin/../lib/gcc/arm-none-eabi/7.2.1/../../../../arm-none-eabi/lib/thumb/v7-m\libc_nano.a(lib_a-impure.o)
 .data          0x00000000        0x0 d:/courses/microcontroller/arm/lectures/imt_arm_course/02- tools/03- imt sdk/imt_sdk_win_64/winarm/armgcc/bin/../lib/gcc/arm-none-eabi/7.2.1/../../../../arm-none-eabi/lib/thumb/v7-m\libc_nano.a(lib_a-impure.o)
 .bss           0x00000000        0x0 d:/courses/microcontroller/arm/lectures/imt_arm_course/02- tools/03- imt sdk/imt_sdk_win_64/winarm/armgcc/bin/../lib/gcc/arm-none-eabi/7.2.1/../../../../arm-none-eabi/lib/thumb/v7-m\libc_nano.a(lib_a-impure.o)
 .rodata._global_impure_ptr
                0x00000000        0x4 d:/courses/microcontroller/arm/lectures/imt_arm_course/02- tools/03- imt sdk/imt_sdk_win_64/winarm/armgcc/bin/../lib/gcc/arm-none-eabi/7.2.1/../../../../arm-none-eabi/lib/thumb/v7-m\libc_nano.a(lib_a-impure.o)
 .text          0x00000000        0x0 d:/courses/microcontroller/arm/lectures/imt_arm_course/02- tools/03- imt sdk/imt_sdk_win_64/winarm/armgcc/bin/../lib/gcc/arm-none-eabi/7.2.1/../../../../arm-none-eabi/lib/thumb/v7-m\libc_nano.a(lib_a-memcpy-stub.o)
 .data          0x00000000        0x0 d:/courses/microcontroller/arm/lectures/imt_arm_course/02- tools/03- imt sdk/imt_sdk_win_64/winarm/armgcc/bin/../lib/gcc/arm-none-eabi/7.2.1/../../../../arm-none-eabi/lib/thumb/v7-m\libc_nano.a(lib_a-memcpy-stub.o)
 .bss           0x00000000        0x0 d:/courses/microcontroller/arm/lectures/imt_arm_course/02- tools/03- imt sdk/imt_sdk_win_64/winarm/armgcc/bin/../lib/gcc/arm-none-eabi/7.2.1/../../../../arm-none-eabi/lib/thumb/v7-m\libc_nano.a(lib_a-memcpy-stub.o)
 .text          0x00000000        0x0 d:/courses/microcontroller/arm/lectures/imt_arm_course/02- tools/03- imt sdk/imt_sdk_win_64/winarm/armgcc/bin/../lib/gcc/arm-none-eabi/7.2.1/../../../../arm-none-eabi/lib/thumb/v7-m\libc_nano.a(lib_a-memset.o)
 .data          0x00000000        0x0 d:/courses/microcontroller/arm/lectures/imt_arm_course/02- tools/03- imt sdk/imt_sdk_win_64/winarm/armgcc/bin/../lib/gcc/arm-none-eabi/7.2.1/../../../../arm-none-eabi/lib/thumb/v7-m\libc_nano.a(lib_a-memset.o)
 .bss           0x00000000        0x0 d:/courses/microcontroller/arm/lectures/imt_arm_course/02- tools/03- imt sdk/imt_sdk_win_64/winarm/armgcc/bin/../lib/gcc/arm-none-eabi/7.2.1/../../../../arm-none-eabi/lib/thumb/v7-m\libc_nano.a(lib_a-memset.o)
 .text.memset   0x00000000       0x10 d:/courses/microcontroller/arm/lectures/imt_arm_course/02- tools/03- imt sdk/imt_sdk_win_64/winarm/armgcc/bin/../lib/gcc/arm-none-eabi/7.2.1/../../../../arm-none-eabi/lib/thumb/v7-m\libc_nano.a(lib_a-memset.o)
 .debug_frame   0x00000000       0x20 d:/courses/microcontroller/arm/lectures/imt_arm_course/02- tools/03- imt sdk/imt_sdk_win_64/winarm/armgcc/bin/../lib/gcc/arm-none-eabi/7.2.1/../../../../arm-none-eabi/lib/thumb/v7-m\libc_nano.a(lib_a-memset.o)
 .ARM.attributes
                0x00000000       0x2d d:/courses/microcontroller/arm/lectures/imt_arm_course/02- tools/03- imt sdk/imt_sdk_win_64/winarm/armgcc/bin/../lib/gcc/arm-none-eabi/7.2.1/../../../../arm-none-eabi/lib/thumb/v7-m\libc_nano.a(lib_a-memset.o)
 .text          0x00000000       0x10 d:/courses/microcontroller/arm/lectures/imt_arm_course/02- tools/03- imt sdk/imt_sdk_win_64/winarm/armgcc/bin/../lib/gcc/arm-none-eabi/7.2.1/../../../../arm-none-eabi/lib/thumb/v7-m\libc_nano.a(lib_a-strlen.o)
 .data          0x00000000        0x0 d:/courses/microcontroller/arm/lectures/imt_arm_course/02- tools/03- imt sdk/imt_sdk_win_64/winarm/armgcc/bin/../lib/gcc/arm-none-eabi/7.2.1/../../../../arm-none-eabi/lib/thumb/v7-m\libc_nano.a(lib_a-strlen.o)
 .bss           0x00000000        0x0 d:/courses/microcontroller/arm/lectures/imt_arm_course/02- tools/03- imt sdk/imt_sdk_win_64/winarm/armgcc/bin/../lib/gcc/arm-none-eabi/7.2.1/../../../../arm-none-eabi/lib/thumb/v7-m\libc_nano.a(lib_a-strlen.o)
 .ARM.attributes
                0x00000000       0x17 d:/courses/microcontroller/arm/lectures/imt_arm_course/02- tools/03- imt sdk/imt_sdk_win_64/winarm/armgcc/bin/../lib/gcc/arm-none-eabi/7.2.1/../../../../arm-none-eabi/lib/thumb/v7-m\libc_nano.a(lib_a-strlen.o)
 .text          0x00000000        0x0 d:/courses/microcontroller/arm/lectures/imt_arm_course/02- tools/03- imt sdk/imt_sdk_win_64/winarm/armgcc/bin/../lib/gcc/arm-none-eabi/7.2.1/../../../../arm-none-eabi/lib/thumb/v7-m\libc_nano.a(lib_a-vsnprintf.o)
 .data          0x00000000        0x0 d:/courses/microcontroller/arm/lectures/imt_arm_course/02- tools/03- imt sdk/imt_sdk_win_64/winarm/armgcc/bin/../lib/gcc/arm-none-eabi/7.2.1/../../../../arm-none-eabi/lib/thumb/v7-m\libc_nano.a(lib_a-vsnprintf.o)
 .bss           0x00000000        0x0 d:/courses/microcontroller/arm/lectures/imt_arm_course/02- tools/03- imt sdk/imt_sdk_win_64/winarm/armgcc/bin/../lib/gcc/arm-none-eabi/7.2.1/../../../../arm-none-eabi/lib/thumb/v7-m\libc_nano.a(lib_a-vsnprintf.o)
 .text          0x00000000        0x0 d:/courses/microcontroller/arm/lectures/imt_arm_course/02- tools/03- imt sdk/imt_sdk_win_64/winarm/armgcc/bin/../lib/gcc/arm-none-eabi/7.2.1/../../../../arm-none-eabi/lib/thumb/v7-m\libc_nano.a(lib_a-nano-svfprintf.o)
 .data          0x00000000        0x0 d:/courses/microcontroller/arm/lectures/imt_arm_course/02- tools/03- imt sdk/imt_sdk_win_64/winarm/armgcc/bin/../lib/gcc/arm-none-eabi/7.2.1/../../../../arm-none-eabi/lib/thumb/v7-m\libc_nano.a(lib_a-nano-svfprintf.o)
 .bss           0x00000000        0x0 d:/courses/microcontroller/arm/lectures/imt_arm_course/02- tools/03- imt sdk/imt_sdk_win_64/winarm/armgcc/bin/../lib/gcc/arm-none-eabi/7.2.1/../../../../arm-none-eabi/lib/thumb/v7-m\libc_nano.a(lib_a-nano-svfprintf.o)
 .text.__ssprint_r
                0x00000000       0xf0 d:/courses/microcontroller/arm/lectures/imt_arm_course/02- tools/03- imt sdk/imt_sdk_win_64/winarm/armgcc/bin/../lib/gcc/arm-none-eabi/7.2.1/../../../../arm-none-eabi/lib/thumb/v7-m\libc_nano.a(lib_a-nano-svfprintf.o)
 .text          0x00000000        0x0 d:/courses/microcontroller/arm/lectures/imt_arm_course/02- tools/03- imt sdk/imt_sdk_win_64/winarm/armgcc/bin/../lib/gcc/arm-none-eabi/7.2.1/../../../../arm-none-eabi/lib/thumb/v7-m\libc_nano.a(lib_a-nano-vfprintf_i.o)
 .data          0x00000000        0x0 d:/courses/microcontroller/arm/lectures/imt_arm_course/02- tools/03- imt sdk/imt_sdk_win_64/winarm/armgcc/bin/../lib/gcc/arm-none-eabi/7.2.1/../../../../arm-none-eabi/lib/thumb/v7-m\libc_nano.a(lib_a-nano-vfprintf_i.o)
 .bss           0x00000000        0x0 d:/courses/microcontroller/arm/lectures/imt_arm_course/02- tools/03- imt sdk/imt_sdk_win_64/winarm/armgcc/bin/../lib/gcc/arm-none-eabi/7.2.1/../../../../arm-none-eabi/lib/thumb/v7-m\libc_nano.a(lib_a-nano-vfprintf_i.o)
 .text          0x00000000        0x0 d:/courses/microcontroller/arm/lectures/imt_arm_course/02- tools/03- imt sdk/imt_sdk_win_64/winarm/armgcc/bin/../lib/gcc/arm-none-eabi/7.2.1/../../../../arm-none-eabi/lib/thumb/v7-m\libc_nano.a(lib_a-memchr-stub.o)
 .data          0x00000000        0x0 d:/courses/microcontroller/arm/lectures/imt_arm_course/02- tools/03- imt sdk/imt_sdk_win_64/winarm/armgcc/bin/../lib/gcc/arm-none-eabi/7.2.1/../../../../arm-none-eabi/lib/thumb/v7-m\libc_nano.a(lib_a-memchr-stub.o)
 .bss           0x00000000        0x0 d:/courses/microcontroller/arm/lectures/imt_arm_course/02- tools/03- imt sdk/imt_sdk_win_64/winarm/armgcc/bin/../lib/gcc/arm-none-eabi/7.2.1/../../../../arm-none-eabi/lib/thumb/v7-m\libc_nano.a(lib_a-memchr-stub.o)
 .text          0x00000000        0x0 d:/courses/microcontroller/arm/lectures/imt_arm_course/02- tools/03- imt sdk/imt_sdk_win_64/winarm/armgcc/bin/../lib/gcc/arm-none-eabi/7.2.1/../../../../arm-none-eabi/lib/thumb/v7-m\libc_nano.a(lib_a-memmove.o)
 .data          0x00000000        0x0 d:/courses/microcontroller/arm/lectures/imt_arm_course/02- tools/03- imt sdk/imt_sdk_win_64/winarm/armgcc/bin/../lib/gcc/arm-none-eabi/7.2.1/../../../../arm-none-eabi/lib/thumb/v7-m\libc_nano.a(lib_a-memmove.o)
 .bss           0x00000000        0x0 d:/courses/microcontroller/arm/lectures/imt_arm_course/02- tools/03- imt sdk/imt_sdk_win_64/winarm/armgcc/bin/../lib/gcc/arm-none-eabi/7.2.1/../../../../arm-none-eabi/lib/thumb/v7-m\libc_nano.a(lib_a-memmove.o)
 .text          0x00000000        0x0 d:/courses/microcontroller/arm/lectures/imt_arm_course/02- tools/03- imt sdk/imt_sdk_win_64/winarm/armgcc/bin/../lib/gcc/arm-none-eabi/7.2.1/../../../../arm-none-eabi/lib/thumb/v7-m\libc_nano.a(lib_a-nano-freer.o)
 .data          0x00000000        0x0 d:/courses/microcontroller/arm/lectures/imt_arm_course/02- tools/03- imt sdk/imt_sdk_win_64/winarm/armgcc/bin/../lib/gcc/arm-none-eabi/7.2.1/../../../../arm-none-eabi/lib/thumb/v7-m\libc_nano.a(lib_a-nano-freer.o)
 .bss           0x00000000        0x0 d:/courses/microcontroller/arm/lectures/imt_arm_course/02- tools/03- imt sdk/imt_sdk_win_64/winarm/armgcc/bin/../lib/gcc/arm-none-eabi/7.2.1/../../../../arm-none-eabi/lib/thumb/v7-m\libc_nano.a(lib_a-nano-freer.o)
 .text          0x00000000        0x0 d:/courses/microcontroller/arm/lectures/imt_arm_course/02- tools/03- imt sdk/imt_sdk_win_64/winarm/armgcc/bin/../lib/gcc/arm-none-eabi/7.2.1/../../../../arm-none-eabi/lib/thumb/v7-m\libc_nano.a(lib_a-nano-mallocr.o)
 .data          0x00000000        0x0 d:/courses/microcontroller/arm/lectures/imt_arm_course/02- tools/03- imt sdk/imt_sdk_win_64/winarm/armgcc/bin/../lib/gcc/arm-none-eabi/7.2.1/../../../../arm-none-eabi/lib/thumb/v7-m\libc_nano.a(lib_a-nano-mallocr.o)
 .bss           0x00000000        0x0 d:/courses/microcontroller/arm/lectures/imt_arm_course/02- tools/03- imt sdk/imt_sdk_win_64/winarm/armgcc/bin/../lib/gcc/arm-none-eabi/7.2.1/../../../../arm-none-eabi/lib/thumb/v7-m\libc_nano.a(lib_a-nano-mallocr.o)
 .text          0x00000000        0x0 d:/courses/microcontroller/arm/lectures/imt_arm_course/02- tools/03- imt sdk/imt_sdk_win_64/winarm/armgcc/bin/../lib/gcc/arm-none-eabi/7.2.1/../../../../arm-none-eabi/lib/thumb/v7-m\libc_nano.a(lib_a-nano-reallocr.o)
 .data          0x00000000        0x0 d:/courses/microcontroller/arm/lectures/imt_arm_course/02- tools/03- imt sdk/imt_sdk_win_64/winarm/armgcc/bin/../lib/gcc/arm-none-eabi/7.2.1/../../../../arm-none-eabi/lib/thumb/v7-m\libc_nano.a(lib_a-nano-reallocr.o)
 .bss           0x00000000        0x0 d:/courses/microcontroller/arm/lectures/imt_arm_course/02- tools/03- imt sdk/imt_sdk_win_64/winarm/armgcc/bin/../lib/gcc/arm-none-eabi/7.2.1/../../../../arm-none-eabi/lib/thumb/v7-m\libc_nano.a(lib_a-nano-reallocr.o)
 .text          0x00000000        0x0 d:/courses/microcontroller/arm/lectures/imt_arm_course/02- tools/03- imt sdk/imt_sdk_win_64/winarm/armgcc/bin/../lib/gcc/arm-none-eabi/7.2.1/../../../../arm-none-eabi/lib/thumb/v7-m\libc_nano.a(lib_a-sbrkr.o)
 .data          0x00000000        0x0 d:/courses/microcontroller/arm/lectures/imt_arm_course/02- tools/03- imt sdk/imt_sdk_win_64/winarm/armgcc/bin/../lib/gcc/arm-none-eabi/7.2.1/../../../../arm-none-eabi/lib/thumb/v7-m\libc_nano.a(lib_a-sbrkr.o)
 .bss           0x00000000        0x0 d:/courses/microcontroller/arm/lectures/imt_arm_course/02- tools/03- imt sdk/imt_sdk_win_64/winarm/armgcc/bin/../lib/gcc/arm-none-eabi/7.2.1/../../../../arm-none-eabi/lib/thumb/v7-m\libc_nano.a(lib_a-sbrkr.o)
 .text          0x00000000        0x0 d:/courses/microcontroller/arm/lectures/imt_arm_course/02- tools/03- imt sdk/imt_sdk_win_64/winarm/armgcc/bin/../lib/gcc/arm-none-eabi/7.2.1/../../../../arm-none-eabi/lib/thumb/v7-m\libc_nano.a(lib_a-mlock.o)
 .data          0x00000000        0x0 d:/courses/microcontroller/arm/lectures/imt_arm_course/02- tools/03- imt sdk/imt_sdk_win_64/winarm/armgcc/bin/../lib/gcc/arm-none-eabi/7.2.1/../../../../arm-none-eabi/lib/thumb/v7-m\libc_nano.a(lib_a-mlock.o)
 .bss           0x00000000        0x0 d:/courses/microcontroller/arm/lectures/imt_arm_course/02- tools/03- imt sdk/imt_sdk_win_64/winarm/armgcc/bin/../lib/gcc/arm-none-eabi/7.2.1/../../../../arm-none-eabi/lib/thumb/v7-m\libc_nano.a(lib_a-mlock.o)
 .text          0x00000000        0x0 d:/courses/microcontroller/arm/lectures/imt_arm_course/02- tools/03- imt sdk/imt_sdk_win_64/winarm/armgcc/bin/../lib/gcc/arm-none-eabi/7.2.1/../../../../arm-none-eabi/lib/thumb/v7-m\libc_nano.a(lib_a-nano-msizer.o)
 .data          0x00000000        0x0 d:/courses/microcontroller/arm/lectures/imt_arm_course/02- tools/03- imt sdk/imt_sdk_win_64/winarm/armgcc/bin/../lib/gcc/arm-none-eabi/7.2.1/../../../../arm-none-eabi/lib/thumb/v7-m\libc_nano.a(lib_a-nano-msizer.o)
 .bss           0x00000000        0x0 d:/courses/microcontroller/arm/lectures/imt_arm_course/02- tools/03- imt sdk/imt_sdk_win_64/winarm/armgcc/bin/../lib/gcc/arm-none-eabi/7.2.1/../../../../arm-none-eabi/lib/thumb/v7-m\libc_nano.a(lib_a-nano-msizer.o)

Memory Configuration

Name             Origin             Length             Attributes
RAM              0x20000000         0x00005000         xrw
CCMRAM           0x00000000         0x00000000         xrw
FLASH            0x08000000         0x00010000         xr
FLASHB1          0x00000000         0x00000000         xr
EXTMEMB0         0x00000000         0x00000000         xr
EXTMEMB1         0x00000000         0x00000000         xr
EXTMEMB2         0x00000000         0x00000000         xr
EXTMEMB3         0x00000000         0x00000000         xr
MEMORY_ARRAY     0x00000000         0x00000000         xrw
*default*        0x00000000         0xffffffff

Linker script and memory map

LOAD d:/courses/microcontroller/arm/lectures/imt_arm_course/02- tools/03- imt sdk/imt_sdk_win_64/winarm/armgcc/bin/../lib/gcc/arm-none-eabi/7.2.1/../../../../arm-none-eabi/lib/thumb/v7-m\librdimon_nano.a
LOAD C:\Users\ESLAM\AppData\Local\Temp\ccMfeDNT.ltrans0.ltrans.o
LOAD d:/courses/microcontroller/arm/lectures/imt_arm_course/02- tools/03- imt sdk/imt_sdk_win_64/winarm/armgcc/bin/../lib/gcc/arm-none-eabi/7.2.1/../../../../arm-none-eabi/lib/thumb/v7-m\libstdc++_nano.a
LOAD d:/courses/microcontroller/arm/lectures/imt_arm_course/02- tools/03- imt sdk/imt_sdk_win_64/winarm/armgcc/bin/../lib/gcc/arm-none-eabi/7.2.1/../../../../arm-none-eabi/lib/thumb/v7-m\libm.a
LOAD d:/courses/microcontroller/arm/lectures/imt_arm_course/02- tools/03- imt sdk/imt_sdk_win_64/winarm/armgcc/bin/../lib/gcc/arm-none-eabi/7.2.1/../../../../arm-none-eabi/lib/thumb/v7-m\libc_nano.a
START GROUP
LOAD d:/courses/microcontroller/arm/lectures/imt_arm_course/02- tools/03- imt sdk/imt_sdk_win_64/winarm/armgcc/bin/../lib/gcc/arm-none-eabi/7.2.1/thumb/v7-m\libgcc.a
LOAD d:/courses/microcontroller/arm/lectures/imt_arm_course/02- tools/03- imt sdk/imt_sdk_win_64/winarm/armgcc/bin/../lib/gcc/arm-none-eabi/7.2.1/../../../../arm-none-eabi/lib/thumb/v7-m\libg_nano.a
LOAD d:/courses/microcontroller/arm/lectures/imt_arm_course/02- tools/03- imt sdk/imt_sdk_win_64/winarm/armgcc/bin/../lib/gcc/arm-none-eabi/7.2.1/../../../../arm-none-eabi/lib/thumb/v7-m\libc_nano.a
END GROUP
START GROUP
LOAD d:/courses/microcontroller/arm/lectures/imt_arm_course/02- tools/03- imt sdk/imt_sdk_win_64/winarm/armgcc/bin/../lib/gcc/arm-none-eabi/7.2.1/thumb/v7-m\libgcc.a
LOAD d:/courses/microcontroller/arm/lectures/imt_arm_course/02- tools/03- imt sdk/imt_sdk_win_64/winarm/armgcc/bin/../lib/gcc/arm-none-eabi/7.2.1/../../../../arm-none-eabi/lib/thumb/v7-m\libc_nano.a
LOAD d:/courses/microcontroller/arm/lectures/imt_arm_course/02- tools/03- imt sdk/imt_sdk_win_64/winarm/armgcc/bin/../lib/gcc/arm-none-eabi/7.2.1/../../../../arm-none-eabi/lib/thumb/v7-m\librdimon_nano.a
END GROUP
START GROUP
LOAD d:/courses/microcontroller/arm/lectures/imt_arm_course/02- tools/03- imt sdk/imt_sdk_win_64/winarm/armgcc/bin/../lib/gcc/arm-none-eabi/7.2.1/thumb/v7-m\libgcc.a
LOAD d:/courses/microcontroller/arm/lectures/imt_arm_course/02- tools/03- imt sdk/imt_sdk_win_64/winarm/armgcc/bin/../lib/gcc/arm-none-eabi/7.2.1/../../../../arm-none-eabi/lib/thumb/v7-m\libc_nano.a
LOAD d:/courses/microcontroller/arm/lectures/imt_arm_course/02- tools/03- imt sdk/imt_sdk_win_64/winarm/armgcc/bin/../lib/gcc/arm-none-eabi/7.2.1/../../../../arm-none-eabi/lib/thumb/v7-m\librdimon_nano.a
END GROUP
                0x20005000                __stack = (ORIGIN (RAM) + LENGTH (RAM))
                0x20005000                _estack = __stack
                0x00000400                __Main_Stack_Size = 0x400
                [!provide]                PROVIDE (_Main_Stack_Size, __Main_Stack_Size)
                0x20004c00                __Main_Stack_Limit = (__stack - __Main_Stack_Size)
                [!provide]                PROVIDE (_Main_Stack_Limit, __Main_Stack_Limit)
                0x00000100                _Minimum_Stack_Size = 0x100
                0x2000464c                PROVIDE (_Heap_Begin, _end_noinit)
                0x20004c00                PROVIDE (_Heap_Limit, (__stack - __Main_Stack_Size))

.isr_vector     0x08000000      0x320
 FILL mask 0xff
                0x08000000                __vectors_start = ABSOLUTE (.)
                0x08000000                __vectors_start__ = ABSOLUTE (.)
 *(.isr_vector)
 .isr_vector    0x08000000      0x10c C:\Users\ESLAM\AppData\Local\Temp\ccMfeDNT.ltrans0.ltrans.o
                0x08000000                __isr_vectors
 *(.cfmconfig)
 *(.after_vectors .after_vectors.*)
 .after_vectors
                0x0800010c      0x214 C:\Users\ESLAM\AppData\Local\Temp\ccMfeDNT.ltrans0.ltrans.o
                0x08000158                UsageFault_Handler_C
                0x0800018c                BusFault_Handler_C
                0x080001c0                HardFault_Handler_C
                0x08000220                _start

.inits          0x08000320       0x28
                0x08000320                __data_regions_array_start = .
                0x08000320        0x4 LONG 0x8001cf0 LOADADDR (.data)
                0x08000324        0x4 LONG 0x20000000 ADDR (.data)
                0x08000328        0x4 LONG 0x2000008c (ADDR (.data) + SIZEOF (.data))
                0x0800032c        0x4 LONG 0x8001cf0 LOADADDR (.data_CCMRAM)
                0x08000330        0x4 LONG 0x0 ADDR (.data_CCMRAM)
                0x08000334        0x4 LONG 0x0 (ADDR (.data_CCMRAM) + SIZEOF (.data_CCMRAM))
                0x08000338                __data_regions_array_end = .
                0x08000338                __bss_regions_array_start = .
                0x08000338        0x4 LONG 0x2000008c ADDR (.bss)
                0x0800033c        0x4 LONG 0x2000464c (ADDR (.bss) + SIZEOF (.bss))
                0x08000340        0x4 LONG 0x0 ADDR (.bss_CCMRAM)
                0x08000344        0x4 LONG 0x0 (ADDR (.bss_CCMRAM) + SIZEOF (.bss_CCMRAM))
                0x08000348                __bss_regions_array_end = .
 *(.init)
 *(.fini)
                0x08000348                . = ALIGN (0x4)
                0x08000348                PROVIDE (__preinit_array_start, .)
 *(.preinit_array_sysinit .preinit_array_sysinit.*)
 *(.preinit_array_platform .preinit_array_platform.*)
 *(.preinit_array .preinit_array.*)
                0x08000348                PROVIDE (__preinit_array_end, .)
                0x08000348                . = ALIGN (0x4)
                0x08000348                PROVIDE (__init_array_start, .)
 *(SORT_BY_NAME(.init_array.*))
 *(.init_array)
                0x08000348                PROVIDE (__init_array_end, .)
                0x08000348                . = ALIGN (0x4)
                0x08000348                PROVIDE (__fini_array_start, .)
 *(SORT_BY_NAME(.fini_array.*))
 *(.fini_array)
                0x08000348                PROVIDE (__fini_array_end, .)

.flashtext
 *(.flashtext .flashtext.*)

.text           0x08000350     0x199f
 *(.text .text.*)
 .text.prvResetNextTaskUnblockTime
                0x08000350       0x2c C:\Users\ESLAM\AppData\Local\Temp\ccMfeDNT.ltrans0.ltrans.o
 .text.vTaskSwitchContext
                0x0800037c       0x68 C:\Users\ESLAM\AppData\Local\Temp\ccMfeDNT.ltrans0.ltrans.o
 .text.vTaskSuspendAll
                0x080003e4       0x10 C:\Users\ESLAM\AppData\Local\Temp\ccMfeDNT.ltrans0.ltrans.o
 .text.uxListRemove
                0x080003f4       0x28 C:\Users\ESLAM\AppData\Local\Temp\ccMfeDNT.ltrans0.ltrans.o
 .text.vListInsertEnd
                0x0800041c       0x18 C:\Users\ESLAM\AppData\Local\Temp\ccMfeDNT.ltrans0.ltrans.o
 .text.xTaskIncrementTick
                0x08000434      0x100 C:\Users\ESLAM\AppData\Local\Temp\ccMfeDNT.ltrans0.ltrans.o
 .text.vListInitialiseItem
                0x08000534        0x6 C:\Users\ESLAM\AppData\Local\Temp\ccMfeDNT.ltrans0.ltrans.o
 .text.vListInitialise
                0x0800053a       0x16 C:\Users\ESLAM\AppData\Local\Temp\ccMfeDNT.ltrans0.ltrans.o
 .text.prvInitialiseTaskLists
                0x08000550       0x64 C:\Users\ESLAM\AppData\Local\Temp\ccMfeDNT.ltrans0.ltrans.o
 .text.vPortSetupTimerInterrupt
                0x080005b4       0x28 C:\Users\ESLAM\AppData\Local\Temp\ccMfeDNT.ltrans0.ltrans.o
 .text.SysTick_Handler
                0x080005dc       0x2c C:\Users\ESLAM\AppData\Local\Temp\ccMfeDNT.ltrans0.ltrans.o
 *fill*         0x08000608        0x8 
 .text.PendSV_Handler
                0x08000610       0x44 C:\Users\ESLAM\AppData\Local\Temp\ccMfeDNT.ltrans0.ltrans.o
 .text.vPortExitCritical
                0x08000654       0x14 C:\Users\ESLAM\AppData\Local\Temp\ccMfeDNT.ltrans0.ltrans.o
 .text.vPortEnterCritical
                0x08000668       0x20 C:\Users\ESLAM\AppData\Local\Temp\ccMfeDNT.ltrans0.ltrans.o
 .text.xTaskResumeAll
                0x08000688       0xe4 C:\Users\ESLAM\AppData\Local\Temp\ccMfeDNT.ltrans0.ltrans.o
 .text.prvAddNewTaskToReadyList
                0x0800076c       0xa8 C:\Users\ESLAM\AppData\Local\Temp\ccMfeDNT.ltrans0.ltrans.o
 .text.prvPortStartFirstTask
                0x08000814       0x20 C:\Users\ESLAM\AppData\Local\Temp\ccMfeDNT.ltrans0.ltrans.o
 *fill*         0x08000834        0xc 
 .text.SVC_Handler
                0x08000840       0x24 C:\Users\ESLAM\AppData\Local\Temp\ccMfeDNT.ltrans0.ltrans.o
 .text.prvTaskExitError
                0x08000864       0x20 C:\Users\ESLAM\AppData\Local\Temp\ccMfeDNT.ltrans0.ltrans.o
 .text.xPortStartScheduler
                0x08000884       0x38 C:\Users\ESLAM\AppData\Local\Temp\ccMfeDNT.ltrans0.ltrans.o
 .text.pxPortInitialiseStack
                0x080008bc       0x24 C:\Users\ESLAM\AppData\Local\Temp\ccMfeDNT.ltrans0.ltrans.o
 .text.prvInitialiseNewTask
                0x080008e0       0x8c C:\Users\ESLAM\AppData\Local\Temp\ccMfeDNT.ltrans0.ltrans.o
 .text.prvInsertBlockIntoFreeList
                0x0800096c       0x58 C:\Users\ESLAM\AppData\Local\Temp\ccMfeDNT.ltrans0.ltrans.o
 .text.prvHeapInit
                0x080009c4       0x64 C:\Users\ESLAM\AppData\Local\Temp\ccMfeDNT.ltrans0.ltrans.o
 .text.vPortFree
                0x08000a28       0x58 C:\Users\ESLAM\AppData\Local\Temp\ccMfeDNT.ltrans0.ltrans.o
 .text.prvDeleteTCB
                0x08000a80       0x12 C:\Users\ESLAM\AppData\Local\Temp\ccMfeDNT.ltrans0.ltrans.o
 *fill*         0x08000a92        0x2 
 .text.prvCheckTasksWaitingTermination
                0x08000a94       0x4c C:\Users\ESLAM\AppData\Local\Temp\ccMfeDNT.ltrans0.ltrans.o
 .text.prvIdleTask
                0x08000ae0       0x28 C:\Users\ESLAM\AppData\Local\Temp\ccMfeDNT.ltrans0.ltrans.o
 .text.pvPortMalloc
                0x08000b08       0xc8 C:\Users\ESLAM\AppData\Local\Temp\ccMfeDNT.ltrans0.ltrans.o
 .text.xTaskCreate
                0x08000bd0       0x62 C:\Users\ESLAM\AppData\Local\Temp\ccMfeDNT.ltrans0.ltrans.o
 *fill*         0x08000c32        0x2 
 .text.vTaskStartScheduler
                0x08000c34       0x60 C:\Users\ESLAM\AppData\Local\Temp\ccMfeDNT.ltrans0.ltrans.o
 .text.RCC_voidEnableClock
                0x08000c94       0x4c C:\Users\ESLAM\AppData\Local\Temp\ccMfeDNT.ltrans0.ltrans.o
 .text.RCC_voidInitSysClock
                0x08000ce0       0x14 C:\Users\ESLAM\AppData\Local\Temp\ccMfeDNT.ltrans0.ltrans.o
 .text.GPIO_voidSetPinValue
                0x08000cf4       0xc4 C:\Users\ESLAM\AppData\Local\Temp\ccMfeDNT.ltrans0.ltrans.o
 .text.Task2    0x08000db8        0xe C:\Users\ESLAM\AppData\Local\Temp\ccMfeDNT.ltrans0.ltrans.o
 .text.Task1    0x08000dc6        0xe C:\Users\ESLAM\AppData\Local\Temp\ccMfeDNT.ltrans0.ltrans.o
 .text.GPIO_voidSetPinDirection
                0x08000dd4       0xf8 C:\Users\ESLAM\AppData\Local\Temp\ccMfeDNT.ltrans0.ltrans.o
 .text.main     0x08000ecc       0x60 C:\Users\ESLAM\AppData\Local\Temp\ccMfeDNT.ltrans0.ltrans.o
 .text.SetSysClockTo72
                0x08000f2c       0xc4 C:\Users\ESLAM\AppData\Local\Temp\ccMfeDNT.ltrans0.ltrans.o
 .text.SetSysClock
                0x08000ff0        0x8 C:\Users\ESLAM\AppData\Local\Temp\ccMfeDNT.ltrans0.ltrans.o
 .text.SystemCoreClockUpdate
                0x08000ff8       0x98 C:\Users\ESLAM\AppData\Local\Temp\ccMfeDNT.ltrans0.ltrans.o
 .text.SystemInit
                0x08001090       0x50 C:\Users\ESLAM\AppData\Local\Temp\ccMfeDNT.ltrans0.ltrans.o
 .text.isSemihosting
                0x080010e0       0x20 C:\Users\ESLAM\AppData\Local\Temp\ccMfeDNT.ltrans0.ltrans.o
 .text.__initialize_hardware
                0x08001100        0x8 C:\Users\ESLAM\AppData\Local\Temp\ccMfeDNT.ltrans0.ltrans.o
 .text.__initialize_hardware_early
                0x08001108       0x18 C:\Users\ESLAM\AppData\Local\Temp\ccMfeDNT.ltrans0.ltrans.o
 .text._trace_write_semihosting_debug
                0x08001120       0x60 C:\Users\ESLAM\AppData\Local\Temp\ccMfeDNT.ltrans0.ltrans.o
 .text.trace_write
                0x08001180        0x8 C:\Users\ESLAM\AppData\Local\Temp\ccMfeDNT.ltrans0.ltrans.o
 .text.__initialize_args
                0x08001188       0x10 C:\Users\ESLAM\AppData\Local\Temp\ccMfeDNT.ltrans0.ltrans.o
 .text.trace_printf
                0x08001198       0x30 C:\Users\ESLAM\AppData\Local\Temp\ccMfeDNT.ltrans0.ltrans.o
 .text.dumpExceptionStack
                0x080011c8       0xf4 C:\Users\ESLAM\AppData\Local\Temp\ccMfeDNT.ltrans0.ltrans.o
 .text._sbrk    0x080012bc       0x44 C:\Users\ESLAM\AppData\Local\Temp\ccMfeDNT.ltrans0.ltrans.o
                0x080012bc                _sbrk
 .text.__errno  0x08001300        0xc d:/courses/microcontroller/arm/lectures/imt_arm_course/02- tools/03- imt sdk/imt_sdk_win_64/winarm/armgcc/bin/../lib/gcc/arm-none-eabi/7.2.1/../../../../arm-none-eabi/lib/thumb/v7-m\libc_nano.a(lib_a-errno.o)
                0x08001300                __errno
 .text.memcpy   0x0800130c       0x16 d:/courses/microcontroller/arm/lectures/imt_arm_course/02- tools/03- imt sdk/imt_sdk_win_64/winarm/armgcc/bin/../lib/gcc/arm-none-eabi/7.2.1/../../../../arm-none-eabi/lib/thumb/v7-m\libc_nano.a(lib_a-memcpy-stub.o)
                0x0800130c                memcpy
 .text._vsnprintf_r
                0x08001322       0x58 d:/courses/microcontroller/arm/lectures/imt_arm_course/02- tools/03- imt sdk/imt_sdk_win_64/winarm/armgcc/bin/../lib/gcc/arm-none-eabi/7.2.1/../../../../arm-none-eabi/lib/thumb/v7-m\libc_nano.a(lib_a-vsnprintf.o)
                0x08001322                _vsniprintf_r
                0x08001322                _vsnprintf_r
 *fill*         0x0800137a        0x2 
 .text.vsnprintf
                0x0800137c       0x1c d:/courses/microcontroller/arm/lectures/imt_arm_course/02- tools/03- imt sdk/imt_sdk_win_64/winarm/armgcc/bin/../lib/gcc/arm-none-eabi/7.2.1/../../../../arm-none-eabi/lib/thumb/v7-m\libc_nano.a(lib_a-vsnprintf.o)
                0x0800137c                vsniprintf
                0x0800137c                vsnprintf
 .text.__ssputs_r
                0x08001398       0xb4 d:/courses/microcontroller/arm/lectures/imt_arm_course/02- tools/03- imt sdk/imt_sdk_win_64/winarm/armgcc/bin/../lib/gcc/arm-none-eabi/7.2.1/../../../../arm-none-eabi/lib/thumb/v7-m\libc_nano.a(lib_a-nano-svfprintf.o)
                0x08001398                __ssputs_r
 .text._svfprintf_r
                0x0800144c      0x1ec d:/courses/microcontroller/arm/lectures/imt_arm_course/02- tools/03- imt sdk/imt_sdk_win_64/winarm/armgcc/bin/../lib/gcc/arm-none-eabi/7.2.1/../../../../arm-none-eabi/lib/thumb/v7-m\libc_nano.a(lib_a-nano-svfprintf.o)
                0x0800144c                _svfiprintf_r
                0x0800144c                _svfprintf_r
 .text._printf_common
                0x08001638       0xec d:/courses/microcontroller/arm/lectures/imt_arm_course/02- tools/03- imt sdk/imt_sdk_win_64/winarm/armgcc/bin/../lib/gcc/arm-none-eabi/7.2.1/../../../../arm-none-eabi/lib/thumb/v7-m\libc_nano.a(lib_a-nano-vfprintf_i.o)
                0x08001638                _printf_common
 .text._printf_i
                0x08001724      0x224 d:/courses/microcontroller/arm/lectures/imt_arm_course/02- tools/03- imt sdk/imt_sdk_win_64/winarm/armgcc/bin/../lib/gcc/arm-none-eabi/7.2.1/../../../../arm-none-eabi/lib/thumb/v7-m\libc_nano.a(lib_a-nano-vfprintf_i.o)
                0x08001724                _printf_i
 .text.memchr   0x08001948       0x1c d:/courses/microcontroller/arm/lectures/imt_arm_course/02- tools/03- imt sdk/imt_sdk_win_64/winarm/armgcc/bin/../lib/gcc/arm-none-eabi/7.2.1/../../../../arm-none-eabi/lib/thumb/v7-m\libc_nano.a(lib_a-memchr-stub.o)
                0x08001948                memchr
 .text.memmove  0x08001964       0x32 d:/courses/microcontroller/arm/lectures/imt_arm_course/02- tools/03- imt sdk/imt_sdk_win_64/winarm/armgcc/bin/../lib/gcc/arm-none-eabi/7.2.1/../../../../arm-none-eabi/lib/thumb/v7-m\libc_nano.a(lib_a-memmove.o)
                0x08001964                memmove
 *fill*         0x08001996        0x2 
 .text._free_r  0x08001998       0x98 d:/courses/microcontroller/arm/lectures/imt_arm_course/02- tools/03- imt sdk/imt_sdk_win_64/winarm/armgcc/bin/../lib/gcc/arm-none-eabi/7.2.1/../../../../arm-none-eabi/lib/thumb/v7-m\libc_nano.a(lib_a-nano-freer.o)
                0x08001998                _free_r
 .text._malloc_r
                0x08001a30       0xb4 d:/courses/microcontroller/arm/lectures/imt_arm_course/02- tools/03- imt sdk/imt_sdk_win_64/winarm/armgcc/bin/../lib/gcc/arm-none-eabi/7.2.1/../../../../arm-none-eabi/lib/thumb/v7-m\libc_nano.a(lib_a-nano-mallocr.o)
                0x08001a30                _malloc_r
 .text._realloc_r
                0x08001ae4       0x4c d:/courses/microcontroller/arm/lectures/imt_arm_course/02- tools/03- imt sdk/imt_sdk_win_64/winarm/armgcc/bin/../lib/gcc/arm-none-eabi/7.2.1/../../../../arm-none-eabi/lib/thumb/v7-m\libc_nano.a(lib_a-nano-reallocr.o)
                0x08001ae4                _realloc_r
 .text._sbrk_r  0x08001b30       0x20 d:/courses/microcontroller/arm/lectures/imt_arm_course/02- tools/03- imt sdk/imt_sdk_win_64/winarm/armgcc/bin/../lib/gcc/arm-none-eabi/7.2.1/../../../../arm-none-eabi/lib/thumb/v7-m\libc_nano.a(lib_a-sbrkr.o)
                0x08001b30                _sbrk_r
 .text.__malloc_lock
                0x08001b50        0x2 d:/courses/microcontroller/arm/lectures/imt_arm_course/02- tools/03- imt sdk/imt_sdk_win_64/winarm/armgcc/bin/../lib/gcc/arm-none-eabi/7.2.1/../../../../arm-none-eabi/lib/thumb/v7-m\libc_nano.a(lib_a-mlock.o)
                0x08001b50                __malloc_lock
 .text.__malloc_unlock
                0x08001b52        0x2 d:/courses/microcontroller/arm/lectures/imt_arm_course/02- tools/03- imt sdk/imt_sdk_win_64/winarm/armgcc/bin/../lib/gcc/arm-none-eabi/7.2.1/../../../../arm-none-eabi/lib/thumb/v7-m\libc_nano.a(lib_a-mlock.o)
                0x08001b52                __malloc_unlock
 .text._malloc_usable_size_r
                0x08001b54       0x10 d:/courses/microcontroller/arm/lectures/imt_arm_course/02- tools/03- imt sdk/imt_sdk_win_64/winarm/armgcc/bin/../lib/gcc/arm-none-eabi/7.2.1/../../../../arm-none-eabi/lib/thumb/v7-m\libc_nano.a(lib_a-nano-msizer.o)
                0x08001b54                _malloc_usable_size_r
 *(.rodata .rodata.* .constdata .constdata.*)
 .rodata.dumpExceptionStack.str1.4
                0x08001b64      0x11a C:\Users\ESLAM\AppData\Local\Temp\ccMfeDNT.ltrans0.ltrans.o
 *fill*         0x08001c7e        0x2 
 .rodata.main.str1.4
                0x08001c80        0x7 C:\Users\ESLAM\AppData\Local\Temp\ccMfeDNT.ltrans0.ltrans.o
 *fill*         0x08001c87        0x1 
 .rodata.str1.4
                0x08001c88       0x29 C:\Users\ESLAM\AppData\Local\Temp\ccMfeDNT.ltrans0.ltrans.o
 *fill*         0x08001cb1        0x3 
 .rodata.vTaskStartScheduler.str1.4
                0x08001cb4        0x8 C:\Users\ESLAM\AppData\Local\Temp\ccMfeDNT.ltrans0.ltrans.o
                                  0x5 (size before relaxing)
 .rodata._svfprintf_r.str1.1
                0x08001cbc       0x11 d:/courses/microcontroller/arm/lectures/imt_arm_course/02- tools/03- imt sdk/imt_sdk_win_64/winarm/armgcc/bin/../lib/gcc/arm-none-eabi/7.2.1/../../../../arm-none-eabi/lib/thumb/v7-m\libc_nano.a(lib_a-nano-svfprintf.o)
 .rodata._printf_i.str1.1
                0x08001ccd       0x22 d:/courses/microcontroller/arm/lectures/imt_arm_course/02- tools/03- imt sdk/imt_sdk_win_64/winarm/armgcc/bin/../lib/gcc/arm-none-eabi/7.2.1/../../../../arm-none-eabi/lib/thumb/v7-m\libc_nano.a(lib_a-nano-vfprintf_i.o)
 *(vtable)
 *(.eh_frame*)
 *(.glue_7)
 .glue_7        0x08001cef        0x0 linker stubs
 *(.glue_7t)
 .glue_7t       0x08001cef        0x0 linker stubs

.vfp11_veneer   0x08001cf0        0x0
 .vfp11_veneer  0x08001cf0        0x0 linker stubs

.v4_bx          0x08001cf0        0x0
 .v4_bx         0x08001cf0        0x0 linker stubs

.iplt           0x08001cf0        0x0
 .iplt          0x08001cf0        0x0 d:/courses/microcontroller/arm/lectures/imt_arm_course/02- tools/03- imt sdk/imt_sdk_win_64/winarm/armgcc/bin/../lib/gcc/arm-none-eabi/7.2.1/../../../../arm-none-eabi/lib/thumb/v7-m\libc_nano.a(lib_a-errno.o)

.rel.dyn        0x08001cf0        0x0
 .rel.iplt      0x08001cf0        0x0 d:/courses/microcontroller/arm/lectures/imt_arm_course/02- tools/03- imt sdk/imt_sdk_win_64/winarm/armgcc/bin/../lib/gcc/arm-none-eabi/7.2.1/../../../../arm-none-eabi/lib/thumb/v7-m\libc_nano.a(lib_a-errno.o)

.ARM.extab
 *(.ARM.extab* .gnu.linkonce.armextab.*)
                0x08001cf0                . = ALIGN (0x4)
                0x08001cf0                __exidx_start = .

.ARM.exidx
 *(.ARM.exidx* .gnu.linkonce.armexidx.*)
                0x08001cf0                __exidx_end = .
                0x08001cf0                . = ALIGN (0x4)
                0x08001cf0                _etext = .
                0x08001cf0                __etext = .

.data_CCMRAM    0x00000000        0x0 load address 0x08001cf0
 FILL mask 0xff
 *(.data.CCMRAM .data.CCMRAM.*)
                0x00000000                . = ALIGN (0x4)
                0x08001cf0                _sidata = LOADADDR (.data)

.data           0x20000000       0x8c load address 0x08001cf0
 FILL mask 0xff
                0x20000000                _sdata = .
                0x20000000                __data_start__ = .
 *(.data_begin .data_begin.*)
 .data_begin    0x20000000        0x4 C:\Users\ESLAM\AppData\Local\Temp\ccMfeDNT.ltrans0.ltrans.o
 *(.data .data.*)
 .data.AHBPrescTable
                0x20000004       0x10 C:\Users\ESLAM\AppData\Local\Temp\ccMfeDNT.ltrans0.ltrans.o
 .data.SystemCoreClock
                0x20000014        0x4 C:\Users\ESLAM\AppData\Local\Temp\ccMfeDNT.ltrans0.ltrans.o
 .data.argv.4310
                0x20000018        0x8 C:\Users\ESLAM\AppData\Local\Temp\ccMfeDNT.ltrans0.ltrans.o
 .data.uxCriticalNesting
                0x20000020        0x4 C:\Users\ESLAM\AppData\Local\Temp\ccMfeDNT.ltrans0.ltrans.o
 .data._impure_ptr
                0x20000024        0x4 d:/courses/microcontroller/arm/lectures/imt_arm_course/02- tools/03- imt sdk/imt_sdk_win_64/winarm/armgcc/bin/../lib/gcc/arm-none-eabi/7.2.1/../../../../arm-none-eabi/lib/thumb/v7-m\libc_nano.a(lib_a-impure.o)
                0x20000024                _impure_ptr
 .data.impure_data
                0x20000028       0x60 d:/courses/microcontroller/arm/lectures/imt_arm_course/02- tools/03- imt sdk/imt_sdk_win_64/winarm/armgcc/bin/../lib/gcc/arm-none-eabi/7.2.1/../../../../arm-none-eabi/lib/thumb/v7-m\libc_nano.a(lib_a-impure.o)
 *(.data_end .data_end.*)
 .data_end      0x20000088        0x4 C:\Users\ESLAM\AppData\Local\Temp\ccMfeDNT.ltrans0.ltrans.o
                0x2000008c                . = ALIGN (0x4)
                0x2000008c                _edata = .
                0x2000008c                __data_end__ = .

.igot.plt       0x2000008c        0x0 load address 0x08001d7c
 .igot.plt      0x2000008c        0x0 d:/courses/microcontroller/arm/lectures/imt_arm_course/02- tools/03- imt sdk/imt_sdk_win_64/winarm/armgcc/bin/../lib/gcc/arm-none-eabi/7.2.1/../../../../arm-none-eabi/lib/thumb/v7-m\libc_nano.a(lib_a-errno.o)

.bss_CCMRAM     0x00000000        0x0
 *(.bss.CCMRAM .bss.CCMRAM.*)

.bss            0x2000008c     0x45c0
                0x2000008c                __bss_start__ = .
                0x2000008c                _sbss = .
 *(.bss_begin .bss_begin.*)
 .bss_begin     0x2000008c        0x4 C:\Users\ESLAM\AppData\Local\Temp\ccMfeDNT.ltrans0.ltrans.o
 *(.bss .bss.*)
 .bss.buf.5205  0x20000090       0x80 C:\Users\ESLAM\AppData\Local\Temp\ccMfeDNT.ltrans0.ltrans.o
 .bss.current_heap_end.3961
                0x20000110        0x4 C:\Users\ESLAM\AppData\Local\Temp\ccMfeDNT.ltrans0.ltrans.o
 .bss.name.4309
                0x20000114        0x1 C:\Users\ESLAM\AppData\Local\Temp\ccMfeDNT.ltrans0.ltrans.o
 *fill*         0x20000115        0x3 
 .bss.pxCurrentTCB
                0x20000118        0x4 C:\Users\ESLAM\AppData\Local\Temp\ccMfeDNT.ltrans0.ltrans.o
 .bss.pxDelayedTaskList
                0x2000011c        0x4 C:\Users\ESLAM\AppData\Local\Temp\ccMfeDNT.ltrans0.ltrans.o
 .bss.pxEnd     0x20000120        0x4 C:\Users\ESLAM\AppData\Local\Temp\ccMfeDNT.ltrans0.ltrans.o
 .bss.pxOverflowDelayedTaskList
                0x20000124        0x4 C:\Users\ESLAM\AppData\Local\Temp\ccMfeDNT.ltrans0.ltrans.o
 .bss.pxReadyTasksLists
                0x20000128       0x64 C:\Users\ESLAM\AppData\Local\Temp\ccMfeDNT.ltrans0.ltrans.o
 .bss.ucHeap    0x2000018c     0x4400 C:\Users\ESLAM\AppData\Local\Temp\ccMfeDNT.ltrans0.ltrans.o
 .bss.uxCurrentNumberOfTasks
                0x2000458c        0x4 C:\Users\ESLAM\AppData\Local\Temp\ccMfeDNT.ltrans0.ltrans.o
 .bss.uxDeletedTasksWaitingCleanUp
                0x20004590        0x4 C:\Users\ESLAM\AppData\Local\Temp\ccMfeDNT.ltrans0.ltrans.o
 .bss.uxSchedulerSuspended
                0x20004594        0x4 C:\Users\ESLAM\AppData\Local\Temp\ccMfeDNT.ltrans0.ltrans.o
 .bss.uxTaskNumber
                0x20004598        0x4 C:\Users\ESLAM\AppData\Local\Temp\ccMfeDNT.ltrans0.ltrans.o
 .bss.uxTopReadyPriority
                0x2000459c        0x4 C:\Users\ESLAM\AppData\Local\Temp\ccMfeDNT.ltrans0.ltrans.o
 .bss.xBlockAllocatedBit
                0x200045a0        0x4 C:\Users\ESLAM\AppData\Local\Temp\ccMfeDNT.ltrans0.ltrans.o
 .bss.xDelayedTaskList1
                0x200045a4       0x14 C:\Users\ESLAM\AppData\Local\Temp\ccMfeDNT.ltrans0.ltrans.o
 .bss.xDelayedTaskList2
                0x200045b8       0x14 C:\Users\ESLAM\AppData\Local\Temp\ccMfeDNT.ltrans0.ltrans.o
 .bss.xFreeBytesRemaining
                0x200045cc        0x4 C:\Users\ESLAM\AppData\Local\Temp\ccMfeDNT.ltrans0.ltrans.o
 .bss.xIdleTaskHandle
                0x200045d0        0x4 C:\Users\ESLAM\AppData\Local\Temp\ccMfeDNT.ltrans0.ltrans.o
 .bss.xMinimumEverFreeBytesRemaining
                0x200045d4        0x4 C:\Users\ESLAM\AppData\Local\Temp\ccMfeDNT.ltrans0.ltrans.o
 .bss.xNextTaskUnblockTime
                0x200045d8        0x4 C:\Users\ESLAM\AppData\Local\Temp\ccMfeDNT.ltrans0.ltrans.o
 .bss.xNumOfOverflows
                0x200045dc        0x4 C:\Users\ESLAM\AppData\Local\Temp\ccMfeDNT.ltrans0.ltrans.o
 .bss.xNumberOfSuccessfulAllocations
                0x200045e0        0x4 C:\Users\ESLAM\AppData\Local\Temp\ccMfeDNT.ltrans0.ltrans.o
 .bss.xNumberOfSuccessfulFrees
                0x200045e4        0x4 C:\Users\ESLAM\AppData\Local\Temp\ccMfeDNT.ltrans0.ltrans.o
 .bss.xPendedTicks
                0x200045e8        0x4 C:\Users\ESLAM\AppData\Local\Temp\ccMfeDNT.ltrans0.ltrans.o
 .bss.xPendingReadyList
                0x200045ec       0x14 C:\Users\ESLAM\AppData\Local\Temp\ccMfeDNT.ltrans0.ltrans.o
 .bss.xSchedulerRunning
                0x20004600        0x4 C:\Users\ESLAM\AppData\Local\Temp\ccMfeDNT.ltrans0.ltrans.o
 .bss.xStart    0x20004604        0x8 C:\Users\ESLAM\AppData\Local\Temp\ccMfeDNT.ltrans0.ltrans.o
 .bss.xSuspendedTaskList
                0x2000460c       0x14 C:\Users\ESLAM\AppData\Local\Temp\ccMfeDNT.ltrans0.ltrans.o
 .bss.xTasksWaitingTermination
                0x20004620       0x14 C:\Users\ESLAM\AppData\Local\Temp\ccMfeDNT.ltrans0.ltrans.o
 .bss.xTickCount
                0x20004634        0x4 C:\Users\ESLAM\AppData\Local\Temp\ccMfeDNT.ltrans0.ltrans.o
 .bss.xYieldPending
                0x20004638        0x4 C:\Users\ESLAM\AppData\Local\Temp\ccMfeDNT.ltrans0.ltrans.o
 .bss.__malloc_free_list
                0x2000463c        0x4 d:/courses/microcontroller/arm/lectures/imt_arm_course/02- tools/03- imt sdk/imt_sdk_win_64/winarm/armgcc/bin/../lib/gcc/arm-none-eabi/7.2.1/../../../../arm-none-eabi/lib/thumb/v7-m\libc_nano.a(lib_a-nano-mallocr.o)
                0x2000463c                __malloc_free_list
 .bss.__malloc_sbrk_start
                0x20004640        0x4 d:/courses/microcontroller/arm/lectures/imt_arm_course/02- tools/03- imt sdk/imt_sdk_win_64/winarm/armgcc/bin/../lib/gcc/arm-none-eabi/7.2.1/../../../../arm-none-eabi/lib/thumb/v7-m\libc_nano.a(lib_a-nano-mallocr.o)
                0x20004640                __malloc_sbrk_start
 *(COMMON)
 COMMON         0x20004644        0x4 C:\Users\ESLAM\AppData\Local\Temp\ccMfeDNT.ltrans0.ltrans.o
                0x20004644                errno
 *(.bss_end .bss_end.*)
 .bss_end       0x20004648        0x4 C:\Users\ESLAM\AppData\Local\Temp\ccMfeDNT.ltrans0.ltrans.o
                0x2000464c                . = ALIGN (0x4)
                0x2000464c                __bss_end__ = .
                0x2000464c                _ebss = .

.noinit_CCMRAM
 *(.noinit.CCMRAM .noinit.CCMRAM.*)

.noinit         0x2000464c        0x0
                0x2000464c                _noinit = .
 *(.noinit .noinit.*)
                0x2000464c                . = ALIGN (0x4)
                0x2000464c                _end_noinit = .
                [!provide]                PROVIDE (end, _end_noinit)
                [!provide]                PROVIDE (_end, _end_noinit)
                [!provide]                PROVIDE (__end, _end_noinit)
                [!provide]                PROVIDE (__end__, _end_noinit)

._check_stack   0x2000464c      0x100
                0x2000474c                . = (. + _Minimum_Stack_Size)
 *fill*         0x2000464c      0x100 

.b1text
 *(.b1text)
 *(.b1rodata)
 *(.b1rodata.*)

.eb0text
 *(.eb0text)
 *(.eb0rodata)
 *(.eb0rodata.*)

.eb1text
 *(.eb1text)
 *(.eb1rodata)
 *(.eb1rodata.*)

.eb2text
 *(.eb2text)
 *(.eb2rodata)
 *(.eb2rodata.*)

.eb3text
 *(.eb3text)
 *(.eb3rodata)
 *(.eb3rodata.*)

.stab
 *(.stab)

.stabstr
 *(.stabstr)

.stab.excl
 *(.stab.excl)

.stab.exclstr
 *(.stab.exclstr)

.stab.index
 *(.stab.index)

.stab.indexstr
 *(.stab.indexstr)

.comment        0x00000000       0x7e
 *(.comment)
 .comment       0x00000000       0x7e C:\Users\ESLAM\AppData\Local\Temp\ccMfeDNT.ltrans0.ltrans.o
                                 0x7f (size before relaxing)

.ARM.attributes
                0x00000000       0x31
 .ARM.attributes
                0x00000000       0x31 C:\Users\ESLAM\AppData\Local\Temp\ccMfeDNT.ltrans0.ltrans.o
 .ARM.attributes
                0x00000031       0x2d d:/courses/microcontroller/arm/lectures/imt_arm_course/02- tools/03- imt sdk/imt_sdk_win_64/winarm/armgcc/bin/../lib/gcc/arm-none-eabi/7.2.1/../../../../arm-none-eabi/lib/thumb/v7-m\libc_nano.a(lib_a-errno.o)
 .ARM.attributes
                0x0000005e       0x2d d:/courses/microcontroller/arm/lectures/imt_arm_course/02- tools/03- imt sdk/imt_sdk_win_64/winarm/armgcc/bin/../lib/gcc/arm-none-eabi/7.2.1/../../../../arm-none-eabi/lib/thumb/v7-m\libc_nano.a(lib_a-impure.o)
 .ARM.attributes
                0x0000008b       0x2d d:/courses/microcontroller/arm/lectures/imt_arm_course/02- tools/03- imt sdk/imt_sdk_win_64/winarm/armgcc/bin/../lib/gcc/arm-none-eabi/7.2.1/../../../../arm-none-eabi/lib/thumb/v7-m\libc_nano.a(lib_a-memcpy-stub.o)
 .ARM.attributes
                0x000000b8       0x2d d:/courses/microcontroller/arm/lectures/imt_arm_course/02- tools/03- imt sdk/imt_sdk_win_64/winarm/armgcc/bin/../lib/gcc/arm-none-eabi/7.2.1/../../../../arm-none-eabi/lib/thumb/v7-m\libc_nano.a(lib_a-vsnprintf.o)
 .ARM.attributes
                0x000000e5       0x2d d:/courses/microcontroller/arm/lectures/imt_arm_course/02- tools/03- imt sdk/imt_sdk_win_64/winarm/armgcc/bin/../lib/gcc/arm-none-eabi/7.2.1/../../../../arm-none-eabi/lib/thumb/v7-m\libc_nano.a(lib_a-nano-svfprintf.o)
 .ARM.attributes
                0x00000112       0x2d d:/courses/microcontroller/arm/lectures/imt_arm_course/02- tools/03- imt sdk/imt_sdk_win_64/winarm/armgcc/bin/../lib/gcc/arm-none-eabi/7.2.1/../../../../arm-none-eabi/lib/thumb/v7-m\libc_nano.a(lib_a-nano-vfprintf_i.o)
 .ARM.attributes
                0x0000013f       0x2d d:/courses/microcontroller/arm/lectures/imt_arm_course/02- tools/03- imt sdk/imt_sdk_win_64/winarm/armgcc/bin/../lib/gcc/arm-none-eabi/7.2.1/../../../../arm-none-eabi/lib/thumb/v7-m\libc_nano.a(lib_a-memchr-stub.o)
 .ARM.attributes
                0x0000016c       0x2d d:/courses/microcontroller/arm/lectures/imt_arm_course/02- tools/03- imt sdk/imt_sdk_win_64/winarm/armgcc/bin/../lib/gcc/arm-none-eabi/7.2.1/../../../../arm-none-eabi/lib/thumb/v7-m\libc_nano.a(lib_a-memmove.o)
 .ARM.attributes
                0x00000199       0x2d d:/courses/microcontroller/arm/lectures/imt_arm_course/02- tools/03- imt sdk/imt_sdk_win_64/winarm/armgcc/bin/../lib/gcc/arm-none-eabi/7.2.1/../../../../arm-none-eabi/lib/thumb/v7-m\libc_nano.a(lib_a-nano-freer.o)
 .ARM.attributes
                0x000001c6       0x2d d:/courses/microcontroller/arm/lectures/imt_arm_course/02- tools/03- imt sdk/imt_sdk_win_64/winarm/armgcc/bin/../lib/gcc/arm-none-eabi/7.2.1/../../../../arm-none-eabi/lib/thumb/v7-m\libc_nano.a(lib_a-nano-mallocr.o)
 .ARM.attributes
                0x000001f3       0x2d d:/courses/microcontroller/arm/lectures/imt_arm_course/02- tools/03- imt sdk/imt_sdk_win_64/winarm/armgcc/bin/../lib/gcc/arm-none-eabi/7.2.1/../../../../arm-none-eabi/lib/thumb/v7-m\libc_nano.a(lib_a-nano-reallocr.o)
 .ARM.attributes
                0x00000220       0x2d d:/courses/microcontroller/arm/lectures/imt_arm_course/02- tools/03- imt sdk/imt_sdk_win_64/winarm/armgcc/bin/../lib/gcc/arm-none-eabi/7.2.1/../../../../arm-none-eabi/lib/thumb/v7-m\libc_nano.a(lib_a-sbrkr.o)
 .ARM.attributes
                0x0000024d       0x2d d:/courses/microcontroller/arm/lectures/imt_arm_course/02- tools/03- imt sdk/imt_sdk_win_64/winarm/armgcc/bin/../lib/gcc/arm-none-eabi/7.2.1/../../../../arm-none-eabi/lib/thumb/v7-m\libc_nano.a(lib_a-mlock.o)
 .ARM.attributes
                0x0000027a       0x2d d:/courses/microcontroller/arm/lectures/imt_arm_course/02- tools/03- imt sdk/imt_sdk_win_64/winarm/armgcc/bin/../lib/gcc/arm-none-eabi/7.2.1/../../../../arm-none-eabi/lib/thumb/v7-m\libc_nano.a(lib_a-nano-msizer.o)

.debug
 *(.debug)

.line
 *(.line)

.debug_srcinfo
 *(.debug_srcinfo)

.debug_sfnames
 *(.debug_sfnames)

.debug_aranges  0x00000000      0x218
 *(.debug_aranges)
 .debug_aranges
                0x00000000      0x218 C:\Users\ESLAM\AppData\Local\Temp\ccMfeDNT.ltrans0.ltrans.o

.debug_pubnames
 *(.debug_pubnames)

.debug_info     0x00000000     0x2487
 *(.debug_info .gnu.linkonce.wi.*)
 .debug_info    0x00000000     0x2487 C:\Users\ESLAM\AppData\Local\Temp\ccMfeDNT.ltrans0.ltrans.o

.debug_abbrev   0x00000000      0x469
 *(.debug_abbrev)
 .debug_abbrev  0x00000000      0x469 C:\Users\ESLAM\AppData\Local\Temp\ccMfeDNT.ltrans0.ltrans.o

.debug_line     0x00000000      0xcbe
 *(.debug_line)
 .debug_line    0x00000000      0xcbe C:\Users\ESLAM\AppData\Local\Temp\ccMfeDNT.ltrans0.ltrans.o

.debug_frame    0x00000000      0x8d4
 *(.debug_frame)
 .debug_frame   0x00000000      0x5e4 C:\Users\ESLAM\AppData\Local\Temp\ccMfeDNT.ltrans0.ltrans.o
 .debug_frame   0x000005e4       0x20 d:/courses/microcontroller/arm/lectures/imt_arm_course/02- tools/03- imt sdk/imt_sdk_win_64/winarm/armgcc/bin/../lib/gcc/arm-none-eabi/7.2.1/../../../../arm-none-eabi/lib/thumb/v7-m\libc_nano.a(lib_a-errno.o)
 .debug_frame   0x00000604       0x28 d:/courses/microcontroller/arm/lectures/imt_arm_course/02- tools/03- imt sdk/imt_sdk_win_64/winarm/armgcc/bin/../lib/gcc/arm-none-eabi/7.2.1/../../../../arm-none-eabi/lib/thumb/v7-m\libc_nano.a(lib_a-memcpy-stub.o)
 .debug_frame   0x0000062c       0x4c d:/courses/microcontroller/arm/lectures/imt_arm_course/02- tools/03- imt sdk/imt_sdk_win_64/winarm/armgcc/bin/../lib/gcc/arm-none-eabi/7.2.1/../../../../arm-none-eabi/lib/thumb/v7-m\libc_nano.a(lib_a-vsnprintf.o)
 .debug_frame   0x00000678       0x90 d:/courses/microcontroller/arm/lectures/imt_arm_course/02- tools/03- imt sdk/imt_sdk_win_64/winarm/armgcc/bin/../lib/gcc/arm-none-eabi/7.2.1/../../../../arm-none-eabi/lib/thumb/v7-m\libc_nano.a(lib_a-nano-svfprintf.o)
 .debug_frame   0x00000708       0x60 d:/courses/microcontroller/arm/lectures/imt_arm_course/02- tools/03- imt sdk/imt_sdk_win_64/winarm/armgcc/bin/../lib/gcc/arm-none-eabi/7.2.1/../../../../arm-none-eabi/lib/thumb/v7-m\libc_nano.a(lib_a-nano-vfprintf_i.o)
 .debug_frame   0x00000768       0x28 d:/courses/microcontroller/arm/lectures/imt_arm_course/02- tools/03- imt sdk/imt_sdk_win_64/winarm/armgcc/bin/../lib/gcc/arm-none-eabi/7.2.1/../../../../arm-none-eabi/lib/thumb/v7-m\libc_nano.a(lib_a-memchr-stub.o)
 .debug_frame   0x00000790       0x28 d:/courses/microcontroller/arm/lectures/imt_arm_course/02- tools/03- imt sdk/imt_sdk_win_64/winarm/armgcc/bin/../lib/gcc/arm-none-eabi/7.2.1/../../../../arm-none-eabi/lib/thumb/v7-m\libc_nano.a(lib_a-memmove.o)
 .debug_frame   0x000007b8       0x38 d:/courses/microcontroller/arm/lectures/imt_arm_course/02- tools/03- imt sdk/imt_sdk_win_64/winarm/armgcc/bin/../lib/gcc/arm-none-eabi/7.2.1/../../../../arm-none-eabi/lib/thumb/v7-m\libc_nano.a(lib_a-nano-freer.o)
 .debug_frame   0x000007f0       0x2c d:/courses/microcontroller/arm/lectures/imt_arm_course/02- tools/03- imt sdk/imt_sdk_win_64/winarm/armgcc/bin/../lib/gcc/arm-none-eabi/7.2.1/../../../../arm-none-eabi/lib/thumb/v7-m\libc_nano.a(lib_a-nano-mallocr.o)
 .debug_frame   0x0000081c       0x3c d:/courses/microcontroller/arm/lectures/imt_arm_course/02- tools/03- imt sdk/imt_sdk_win_64/winarm/armgcc/bin/../lib/gcc/arm-none-eabi/7.2.1/../../../../arm-none-eabi/lib/thumb/v7-m\libc_nano.a(lib_a-nano-reallocr.o)
 .debug_frame   0x00000858       0x2c d:/courses/microcontroller/arm/lectures/imt_arm_course/02- tools/03- imt sdk/imt_sdk_win_64/winarm/armgcc/bin/../lib/gcc/arm-none-eabi/7.2.1/../../../../arm-none-eabi/lib/thumb/v7-m\libc_nano.a(lib_a-sbrkr.o)
 .debug_frame   0x00000884       0x30 d:/courses/microcontroller/arm/lectures/imt_arm_course/02- tools/03- imt sdk/imt_sdk_win_64/winarm/armgcc/bin/../lib/gcc/arm-none-eabi/7.2.1/../../../../arm-none-eabi/lib/thumb/v7-m\libc_nano.a(lib_a-mlock.o)
 .debug_frame   0x000008b4       0x20 d:/courses/microcontroller/arm/lectures/imt_arm_course/02- tools/03- imt sdk/imt_sdk_win_64/winarm/armgcc/bin/../lib/gcc/arm-none-eabi/7.2.1/../../../../arm-none-eabi/lib/thumb/v7-m\libc_nano.a(lib_a-nano-msizer.o)

.debug_str      0x00000000      0xf32
 *(.debug_str)
 .debug_str     0x00000000      0xf32 C:\Users\ESLAM\AppData\Local\Temp\ccMfeDNT.ltrans0.ltrans.o
                                0xf8e (size before relaxing)

.debug_loc      0x00000000     0x13b5
 *(.debug_loc)
 .debug_loc     0x00000000     0x13b5 C:\Users\ESLAM\AppData\Local\Temp\ccMfeDNT.ltrans0.ltrans.o

.debug_macinfo
 *(.debug_macinfo)

.debug_weaknames
 *(.debug_weaknames)

.debug_funcnames
 *(.debug_funcnames)

.debug_typenames
 *(.debug_typenames)

.debug_varnames
 *(.debug_varnames)
OUTPUT(freeRTOS_blink.elf elf32-littlearm)

.debug_ranges   0x00000000      0x2e0
 .debug_ranges  0x00000000      0x2e0 C:\Users\ESLAM\AppData\Local\Temp\ccMfeDNT.ltrans0.ltrans.o
